
 INTDER95

 A GENERAL PROGRAM DEVELOPED BY WESLEY D. ALLEN AND CO-WORKERS
 WHICH PERFORMS VARIOUS VIBRATIONAL ANALYSES AND HIGHER-ORDER
 NONLINEAR TRANSFORMATIONS AMONG FORCE FIELD REPRESENTATIONS

   PROGRAM OPTIONS

   NA      NSYM       NEQ      NINV     NTEST     NFREQ      NVEC     NDISP
        NS      NDER      NPRT      NDUM     NGEOM     IRINT     NSTOP     NMODE
    4    7    6    2    0    0    0    0    0    1   -3    1    0    0    0    0


 NUCLEAR CARTESIAN COORDINATES (BOHR)

          .0000000000         .0000000000        3.1963181432
          .0000000000         .0000000000        -.0057198302
          .0000000000       -1.7060574643       -1.1234779627
          .0000000000        1.7060574643       -1.1234779627


 DEFINITION OF INTERNAL COORDINATES

 SIMPLE INTERNAL COORDINATES

L( 1)=   STRE    1    2    0    0     
L( 2)=   STRE    2    3    0    0     
L( 3)=   STRE    2    4    0    0     
L( 4)=   BEND    3    2    4    0     
L( 5)=   BEND    1    2    3    0     
L( 6)=   BEND    1    2    4    0     
L( 7)=    OUT    1    2    4    3     

 SYMMETRY INTERNAL COORDINATES

S( 1)=   1.0000000000 L( 1)
S( 2)=    .7071067812 L( 2)     .7071067812 L( 3)
S( 3)=   1.0000000000 L( 4)
S( 4)=   1.0000000000 L( 7)
S( 5)=    .7071067812 L( 2)    -.7071067812 L( 3)
S( 6)=    .7071067812 L( 5)    -.7071067812 L( 6)



 VALUES OF SIMPLE INTERNAL COORDINATES (ANG. OR DEG.)

   1    1.6944456460   2    1.0793160342   3    1.0793160342   4  113.5367496049
   5  123.2316251976   6  123.2316251976   7     .0000000000



 VALUES OF SYMMETRY INTERNAL COORDINATES (ANG. OR RAD.)

   1    1.6944456460   2    1.5263833736   3    1.9815901026   4     .0000000000
   5     .0000000000   6     .0000000000


 NORMAL MODE ANALYSIS IN INTERNAL COORDINATES


 NUCLEAR CARTESIAN COORDINATES (ANG.) AND MASSES

  ATOM    MASS             X             Y             Z

    1   27.976927      .0000000000   .0000000000  1.6914188419
    2   12.000000      .0000000000   .0000000000  -.0030268040
    3    1.007825      .0000000000  -.9028067956  -.5945189776
    4    1.007825      .0000000000   .9028067956  -.5945189776


 QUADRATIC FORCE CONSTANTS IN MDYN/A, MDYN/RAD, OR MDYN*A/RAD**2

    1  1  5.881520    1  2   .065099    1  3  -.154516    1  4   .000000    1  5   .000000    1  6   .000000
    2  1   .065099    2  2  5.920384    2  3   .114639    2  4   .000000    2  5   .000000    2  6   .000000
    3  1  -.154516    3  2   .114639    3  3   .668172    3  4   .000000    3  5   .000000    3  6   .000000
    4  1   .000000    4  2   .000000    4  3   .000000    4  4   .221502    4  5   .000000    4  6   .000000
    5  1   .000000    5  2   .000000    5  3   .000000    5  4   .000000    5  5  5.858050    5  6   .192848
    6  1   .000000    6  2   .000000    6  3   .000000    6  4   .000000    6  5   .192848    6  6   .099352



 LOWEST EIGENVALUES OF THE G MATRIX

     .106255     .939347    1.033425    1.247063    1.863989



 VIBRATIONAL FREQUENCIES (CM-1) AND EIGENVECTORS


 ----------------------------------------------------------------------
                1         2         3         4         5         6
 COORDINATE   409.975   837.116  1019.258  1479.702  3235.996  3307.313
 ----------------------------------------------------------------------
      1       .000000   .000000  -.308317  -.139379   .067758   .000000
      2       .000000   .000000  -.018912   .009005 -1.020712   .000000
      3       .000000   .000000   .214166 -1.360558   .082104   .000000
      4       .000000 -1.365280   .000000   .000000   .000000   .000000
      5      -.032188   .000000   .000000   .000000   .000000 -1.052526
      6      1.031793   .000000   .000000   .000000   .000000   .113868
 ----------------------------------------------------------------------





 TOTAL ENERGY DISTRIBUTIONS (%)


 ----------------------------------------------------------------------
                1         2         3         4         5         6
 COORDINATE   409.975   837.116  1019.258  1479.702  3235.996  3307.313
 ----------------------------------------------------------------------
      1        .00000    .00000  93.06996   6.57928    .35076    .00000
      2        .00000    .00000    .33211   -.07799  99.74588    .00000
      3        .00000    .00000   6.59793  93.49871   -.09664    .00000
      4        .00000 100.00000    .00000    .00000    .00000    .00000
      5       -.33864    .00000    .00000    .00000    .00000 100.33864
      6     100.33864    .00000    .00000    .00000    .00000   -.33864
 ----------------------------------------------------------------------





 DIPOLE MOMENT DERIVATIVES IN (SYMMETRY) INTERNAL COORDINATES

    I       M(X)      M(Y)      M(Z)

    1      .000000   .000000  2.124301
    2      .000000   .000000   .335333
    3      .000000   .000000   .324128
    4    -1.295262   .000000   .000000
    5      .000000   .185513   .000000
    6      .000000  -.217955   .000000


 VIBRATIONAL ASSIGNMENTS


                        IR INTENSITY
   MODE    CM-1    (KM/MOLE AND RELATIVE)               DOMINANT COMPONENTS OF TED

     1     410.0      2.25195    .01704       6 (100.3)
     2     837.1    132.13996   1.00000       4 (100.0)
     3    1019.3     14.80290    .11202       1 ( 93.1)   -3 (  6.6)
     4    1479.7     22.76865    .17231       3 ( 93.5)    1 (  6.6)
     5    3236.0      1.24612    .00943       2 ( 99.7)
     6    3307.3      2.04653    .01549       5 (100.3)


 NORMAL MODE ANALYSIS IN CARTESIAN COORDINATES


 NUCLEAR CARTESIAN COORDINATES (ANG.) AND MASSES

  ATOM    MASS             X             Y             Z

    1   27.976927      .0000000000   .0000000000  1.6914188419
    2   12.000000      .0000000000   .0000000000  -.0030268040
    3    1.007825      .0000000000  -.9028067956  -.5945189776
    4    1.007825      .0000000000   .9028067956  -.5945189776


 QUADRATIC FORCE CONSTANTS IN HARTREE/BOHR**2

    1  1   .004955    1  2   .000000    1  3   .000000    1  4  -.019150    1  5   .000000    1  6   .000000
    1  7   .007098    1  8   .000000    1  9   .000000    1 10   .007098    1 11   .000000    1 12   .000000
    2  1   .000000    2  2   .004445    2  3   .000000    2  4   .000000    2  5   .003960    2  6   .000000
    2  7   .000000    2  8  -.004202    2  9  -.006925    2 10   .000000    2 11  -.004202    2 12   .006925
    3  1   .000000    3  2   .000000    3  3   .377767    3  4   .000000    3  5   .000000    3  6  -.359143
    3  7   .000000    3  8   .002566    3  9  -.009312    3 10   .000000    3 11  -.002566    3 12  -.009312
    4  1  -.019150    4  2   .000000    4  3   .000000    4  4   .074010    4  5   .000000    4  6   .000000
    4  7  -.027430    4  8   .000000    4  9   .000000    4 10  -.027430    4 11   .000000    4 12   .000000
    5  1   .000000    5  2   .003960    5  3   .000000    5  4   .000000    5  5   .496396    5  6   .000000
    5  7   .000000    5  8  -.250178    5  9  -.167625    5 10   .000000    5 11  -.250178    5 12   .167625
    6  1   .000000    6  2   .000000    6  3  -.359143    6  4   .000000    6  5   .000000    6  6   .654344
    6  7   .000000    6  8  -.139251    6  9  -.147600    6 10   .000000    6 11   .139251    6 12  -.147600
    7  1   .007098    7  2   .000000    7  3   .000000    7  4  -.027430    7  5   .000000    7  6   .000000
    7  7   .010166    7  8   .000000    7  9   .000000    7 10   .010166    7 11   .000000    7 12   .000000
    8  1   .000000    8  2  -.004202    8  3   .002566    8  4   .000000    8  5  -.250178    8  6  -.139251
    8  7   .000000    8  8   .275706    8  9   .155617    8 10   .000000    8 11  -.021326    8 12  -.018932
    9  1   .000000    9  2  -.006925    9  3  -.009312    9  4   .000000    9  5  -.167625    9  6  -.147600
    9  7   .000000    9  8   .155617    9  9   .142134    9 10   .000000    9 11   .018932    9 12   .014778
   10  1   .007098   10  2   .000000   10  3   .000000   10  4  -.027430   10  5   .000000   10  6   .000000
   10  7   .010166   10  8   .000000   10  9   .000000   10 10   .010166   10 11   .000000   10 12   .000000
   11  1   .000000   11  2  -.004202   11  3  -.002566   11  4   .000000   11  5  -.250178   11  6   .139251
   11  7   .000000   11  8  -.021326   11  9   .018932   11 10   .000000   11 11   .275706   11 12  -.155617
   12  1   .000000   12  2   .006925   12  3  -.009312   12  4   .000000   12  5   .167625   12  6  -.147600
   12  7   .000000   12  8  -.018932   12  9   .014778   12 10   .000000   12 11  -.155617   12 12   .142134



 ZERO FREQUENCIES (CM-1)

       .0512       .0864       .0892       .3031       .3628       .3662



 VIBRATIONAL FREQUENCIES (CM-1) AND EIGENVECTORS


 ----------------------------------------------------------------------
                1         2         3         4         5         6
 COORDINATE   409.972   837.109  1019.250  1479.690  3235.970  3307.287
 ----------------------------------------------------------------------
      1       .000000   .015451   .000000   .000000   .000000   .000000
      2       .029011   .000000   .000000   .000000   .000000   .000887
      3       .000000   .000000   .107898   .016873   .001850   .000000
      4       .000000  -.139215   .000000   .000000   .000000   .000000
      5      -.115457   .000000   .000000   .000000   .000000   .090128
      6       .000000   .000000  -.200419  -.122507  -.065908   .000000
      7       .000000   .614348   .000000   .000000   .000000   .000000
      8       .284696   .000000   .052153  -.397054   .579436  -.548881
      9      -.569230   .000000  -.304423   .495144   .366693  -.382723
     10       .000000   .614348   .000000   .000000   .000000   .000000
     11       .284696   .000000  -.052153   .397054  -.579436  -.548881
     12       .569230   .000000  -.304423   .495144   .366693   .382723
 ----------------------------------------------------------------------





                        IR INTENSITY
   MODE    CM-1    (KM/MOLE AND RELATIVE)
     1     410.0      2.25195    .01704
     2     837.1    132.13996   1.00000
     3    1019.2     14.80290    .11202
     4    1479.7     22.76864    .17231
     5    3236.0      1.24612    .00943
     6    3307.3      2.04653    .01549
