
 INTDER95

 A GENERAL PROGRAM DEVELOPED BY WESLEY D. ALLEN AND CO-WORKERS
 WHICH PERFORMS VARIOUS VIBRATIONAL ANALYSES AND HIGHER-ORDER
 NONLINEAR TRANSFORMATIONS AMONG FORCE FIELD REPRESENTATIONS

   PROGRAM OPTIONS

   NA      NSYM       NEQ      NINV     NTEST     NFREQ      NVEC     NDISP
        NS      NDER      NPRT      NDUM     NGEOM     IRINT     NSTOP     NMODE
    5   11    9    2    1 2000    2    0    0    1    0    0    0    0    0    0


 NUCLEAR CARTESIAN COORDINATES (BOHR)

          .0000000000         .4783930000        6.2141000000
          .0000000000         .0000000000        4.1140500000
          .0000000000         .0000000000         .0000000000
         1.6447100000       -1.2978200000        -.0485868000
        -1.6447100000       -1.2978200000        -.0485868000


 DEFINITION OF INTERNAL COORDINATES

 SIMPLE INTERNAL COORDINATES

L( 1)=   STRE    1    2    0    0     
L( 2)=   STRE    3    4    0    0     
L( 3)=   STRE    3    5    0    0     
L( 4)=   BEND    4    3    5    0     
L( 5)=    OUT    2    3    4    5     
L( 6)=   BEND    1    2    3    0     
L( 7)=   STRE    2    3    0    0     
L( 8)=   BEND    2    3    4    0     
L( 9)=   BEND    2    3    5    0     
L(10)=   TORS    1    2    3    4     
L(11)=   TORS    1    2    3    5     

 SYMMETRY INTERNAL COORDINATES

S( 1)=   1.0000000000 L( 1)
S( 2)=   1.0000000000 L( 7)
S( 3)=    .7071067812 L( 2)     .7071067812 L( 3)
S( 4)=   1.0000000000 L( 6)
S( 5)=   1.0000000000 L( 4)
S( 6)=    .7071067812 L( 8)     .7071067812 L( 9)
S( 7)=    .7071067812 L( 2)    -.7071067812 L( 3)
S( 8)=    .7071067812 L( 8)    -.7071067812 L( 9)
S( 9)=    .7071067812 L(10)     .7071067812 L(11)



 VALUES OF SIMPLE INTERNAL COORDINATES (ANG. OR DEG.)

   1    1.1397684230   2    1.1089727627   3    1.1089727627   4  103.4079185835
   5  -87.8560053615   6  167.1669687659   7    2.1770616612   8   91.3284956252
   9   91.3284956252  10  128.2765274703  11  231.7234725297



 VALUES OF SYMMETRY INTERNAL COORDINATES (ANG. OR RAD.)

   1    1.1397684230   2    2.1770616612   3    1.5683243214   4    2.9176140055
   5    1.8048086519   6    2.2542323054   7     .0000000000   8     .0000000000
   9    4.4428829382

 DETERMINANT OF B*BT MATRIX=  12894.    


 FINAL CARTESIAN COORDINATE FORCE CONSTANTS

 GRADIENTS
   .00000000   .00532186   .03346235   .00000000  -.00280160  -.00872092
   .00000000  -.00074097  -.02040882   .00136001  -.00088964  -.00216630
  -.00136001  -.00088964  -.00216630

 QUADRATIC FORCE CONSTANTS

     .018667     .000000     .000000    -.023606     .000000     .000000
     .007378     .000000     .000000    -.001220     .002059    -.004396
    -.001220    -.002059     .004396
     .000000     .078454     .245860     .000000    -.085356    -.244295
     .000000     .006800    -.012912     .000847     .000051     .005673
    -.000847     .000051     .005673
     .000000     .245860    1.106630     .000000    -.243959   -1.102754
     .000000     .001014    -.003720    -.001372    -.001458    -.000078
     .001372    -.001458    -.000078
    -.023606     .000000     .000000     .046396     .000000     .000000
    -.026935     .000000     .000000     .002073    -.004217     .016022
     .002073     .004217    -.016022
     .000000    -.085356    -.243959     .000000     .110005     .245751
     .000000    -.020818     .035014    -.002531    -.001915    -.018403
     .002531    -.001915    -.018403
     .000000    -.244295   -1.102754     .000000     .245751    1.059019
     .000000    -.010125     .057054     .002171     .004335    -.006659
    -.002171     .004335    -.006659
     .007378     .000000     .000000    -.026935     .000000     .000000
     .402390     .000000     .000000    -.191417     .152343    -.007891
    -.191417    -.152343     .007891
     .000000     .006800     .001014     .000000    -.020818    -.010125
     .000000     .279687     .000975     .111296    -.132834     .004068
    -.111296    -.132834     .004068
     .000000    -.012912    -.003720     .000000     .035014     .057054
     .000000     .000975    -.002499    -.000158    -.011539    -.025417
     .000158    -.011539    -.025417
    -.001220     .000847    -.001372     .002073    -.002531     .002171
    -.191417     .111296    -.000158     .215504    -.129898    -.002188
    -.024940     .020287     .001547
     .002059     .000051    -.001458    -.004217    -.001915     .004335
     .152343    -.132834    -.011539    -.129898     .127317     .005165
    -.020287     .007382     .003496
    -.004396     .005673    -.000078     .016022    -.018403    -.006659
    -.007891     .004068    -.025417    -.002188     .005165     .028280
    -.001547     .003496     .003874
    -.001220    -.000847     .001372     .002073     .002531    -.002171
    -.191417    -.111296     .000158    -.024940    -.020287    -.001547
     .215504     .129898     .002188
    -.002059     .000051    -.001458     .004217    -.001915     .004335
    -.152343    -.132834    -.011539     .020287     .007382     .003496
     .129898     .127317     .005165
     .004396     .005673    -.000078    -.016022    -.018403    -.006659
     .007891     .004068    -.025417     .001547     .003496     .003874
     .002188     .005165     .028280
