
 INTDER95

 A GENERAL PROGRAM DEVELOPED BY WESLEY D. ALLEN AND CO-WORKERS
 WHICH PERFORMS VARIOUS VIBRATIONAL ANALYSES AND HIGHER-ORDER
 NONLINEAR TRANSFORMATIONS AMONG FORCE FIELD REPRESENTATIONS

   PROGRAM OPTIONS

   NA      NSYM       NEQ      NINV     NTEST     NFREQ      NVEC     NDISP
        NS      NDER      NPRT      NDUM     NGEOM     IRINT     NSTOP     NMODE
    4    6    6    4    0 2000    2    0    0    1    3    0    0    0    0    0


 NUCLEAR CARTESIAN COORDINATES (BOHR)

          .2919829000        2.1796039000         .0000000000
          .0000000000         .0000000000         .0000000000
          .0000000000       -2.2960171000         .0000000000
        -1.5848407000       -3.3366677000         .0000000000


 DEFINITION OF INTERNAL COORDINATES

 SIMPLE INTERNAL COORDINATES

L( 1)=   STRE    1    2    0    0     
L( 2)=   STRE    2    3    0    0     
L( 3)=   STRE    3    4    0    0     
L( 4)=   BEND    2    3    4    0     
L( 5)=   LINX    4    3    2    1     
L( 6)=   LINY    4    3    2    1     

 SYMMETRY INTERNAL COORDINATES

S( 1)=   1.0000000000 L( 3)
S( 2)=    .7071067812 L( 1)    -.7071067812 L( 2)
S( 3)=    .7071067812 L( 1)     .7071067812 L( 2)
S( 4)=   1.0000000000 L( 4)
S( 5)=   1.0000000000 L( 5)
S( 6)=   1.0000000000 L( 6)



 VALUES OF SIMPLE INTERNAL COORDINATES (ANG. OR DEG.)

   1    1.1637000160   2    1.2150000126   3    1.0033002080   4  123.2900191224
   5    -.1327753765   6     .0000000000



 VALUES OF SYMMETRY INTERNAL COORDINATES (ANG. OR RAD.)

   1    1.0033002080   2    -.0362745755   3    1.6819949206   4    2.1518167685
   5    -.1327753765   6     .0000000000

 DETERMINANT OF B*BT MATRIX=  163.71    


 FINAL CARTESIAN COORDINATE FORCE CONSTANTS

 QUADRATIC FORCE CONSTANTS

     .062233     .136839     .000000    -.107733    -.141109     .000000
     .045845    -.001043     .000000    -.000345     .005314     .000000
     .136839    1.080664     .000000    -.137172    -.958131     .000000
    -.002574    -.135831     .000000     .002908     .013297     .000000
     .000000     .000000     .043636     .000000     .000000    -.081416
     .000000     .000000     .029741     .000000     .000000     .008039
    -.107733    -.137172     .000000     .214026     .209450     .000000
    -.104984    -.040320     .000000    -.001309    -.031957     .000000
    -.141109    -.958131     .000000     .209450    1.777601     .000000
    -.104646    -.761845     .000000     .036305    -.057625     .000000
     .000000     .000000    -.081416     .000000     .000000     .151906
     .000000     .000000    -.055490     .000000     .000000    -.015000
     .045845    -.002574     .000000    -.104984    -.104646     .000000
     .413364     .317663     .000000    -.354226    -.210443     .000000
    -.001043    -.135831     .000000    -.040320    -.761845     .000000
     .317663    1.042767     .000000    -.276300    -.145092     .000000
     .000000     .000000     .029741     .000000     .000000    -.055490
     .000000     .000000     .020270     .000000     .000000     .005479
    -.000345     .002908     .000000    -.001309     .036305     .000000
    -.354226    -.276300     .000000     .355879     .237087     .000000
     .005314     .013297     .000000    -.031957    -.057625     .000000
    -.210443    -.145092     .000000     .237087     .189420     .000000
     .000000     .000000     .008039     .000000     .000000    -.015000
     .000000     .000000     .005479     .000000     .000000     .001481


 PRINTING OF CUBIC FORCE CONSTANTS TO OUTPUT FILE SUPPRESSED.
 LPRT(1,NPRT)=  0


 PRINTING OF QUARTIC FORCE CONSTANTS TO OUTPUT FILE SUPPRESSED.
 LPRT(1,NPRT)=  0


 NORMAL MODE ANALYSIS IN INTERNAL COORDINATES


 NUCLEAR CARTESIAN COORDINATES (ANG.) AND MASSES

  ATOM    MASS             X             Y             Z

    1   15.994910      .1545107078  1.1533967957   .0000000000
    2   12.000000      .0000000000   .0000000000   .0000000000
    3   14.003070      .0000000000 -1.2150000126   .0000000000
    4    1.007825     -.8386616417 -1.7656886343   .0000000000


 QUADRATIC FORCE CONSTANTS IN MDYN/A, MDYN/RAD, OR MDYN*A/RAD**2

    1  1  8.147000    1  2  -.017000    1  3  -.203000    1  4   .279000    1  5   .024000    1  6   .000000
    2  1  -.017000    2  2 14.004000    2  3  1.220000    2  4  -.758000    2  5  -.239000    2  6   .000000
    3  1  -.203000    3  2  1.220000    3  3 17.768000    3  4   .536000    3  5   .291000    3  6   .000000
    4  1   .279000    4  2  -.758000    4  3   .536000    4  4   .345000    4  5   .061000    4  6   .000000
    5  1   .024000    5  2  -.239000    5  3   .291000    5  4   .061000    5  5   .948000    5  6   .000000
    6  1   .000000    6  2   .000000    6  3   .000000    6  4   .000000    6  5   .000000    6  6   .920000



 LOWEST EIGENVALUES OF THE G MATRIX

     .064591     .230089     .282563     .309756    1.053115



 VIBRATIONAL FREQUENCIES (CM-1) AND EIGENVECTORS


 ----------------------------------------------------------------------
                1         2         3         4         5         6
 COORDINATE   587.901   695.470   868.403  1390.327  2351.195  3841.637
 ----------------------------------------------------------------------
      1       .020976   .000000   .031731  -.026178   .027847  1.029923
      2      -.027297   .000000  -.067144   .030885  -.474159   .043141
      3       .014197   .000000   .037838  -.254199  -.016483  -.034381
      4      -.592339   .000000  -.930795   .014536   .090884  -.009051
      5       .362546   .000000  -.434611   .010166   .036919  -.042015
      6       .000000   .556557   .000000   .000000   .000000   .000000
 ----------------------------------------------------------------------





 TOTAL ENERGY DISTRIBUTIONS (%)


 ----------------------------------------------------------------------
                1         2         3         4         5         6
 COORDINATE   587.901   695.470   868.403  1390.327  2351.195  3841.637
 ----------------------------------------------------------------------
      1        .12273    .00000   -.12964    .36293    .22615  99.41782
      2        .03971    .00000   1.28834    .29663  98.09668    .27863
      3        .01876    .00000   -.35279  99.61013    .41375    .31016
      4      43.07578    .00000  56.06044   -.20591   1.09369   -.02400
      5      56.74302    .00000  43.13365   -.06378    .16973    .01739
      6        .00000 100.00000    .00000    .00000    .00000    .00000
 ----------------------------------------------------------------------





 VIBRATIONAL ASSIGNMENTS


   MODE    CM-1                 DOMINANT COMPONENTS OF TED

     1     587.9      5 ( 56.7)   -4 ( 43.1)
     2     695.5      6 (100.0)
     3     868.4      4 ( 56.1)    5 ( 43.1)
     4    1390.3      3 ( 99.6)
     5    2351.2      2 ( 98.1)
     6    3841.6      1 ( 99.4)


 NORMAL MODE ANALYSIS IN CARTESIAN COORDINATES


 NUCLEAR CARTESIAN COORDINATES (ANG.) AND MASSES

  ATOM    MASS             X             Y             Z

    1   15.994910      .1545107078  1.1533967957   .0000000000
    2   12.000000      .0000000000   .0000000000   .0000000000
    3   14.003070      .0000000000 -1.2150000126   .0000000000
    4    1.007825     -.8386616417 -1.7656886343   .0000000000


 QUADRATIC FORCE CONSTANTS IN HARTREE/BOHR**2

    1  1   .062233    1  2   .136839    1  3   .000000    1  4  -.107733    1  5  -.141109    1  6   .000000
    1  7   .045845    1  8  -.001043    1  9   .000000    1 10  -.000345    1 11   .005314    1 12   .000000
    2  1   .136839    2  2  1.080664    2  3   .000000    2  4  -.137172    2  5  -.958131    2  6   .000000
    2  7  -.002574    2  8  -.135831    2  9   .000000    2 10   .002908    2 11   .013297    2 12   .000000
    3  1   .000000    3  2   .000000    3  3   .043636    3  4   .000000    3  5   .000000    3  6  -.081416
    3  7   .000000    3  8   .000000    3  9   .029741    3 10   .000000    3 11   .000000    3 12   .008039
    4  1  -.107733    4  2  -.137172    4  3   .000000    4  4   .214026    4  5   .209450    4  6   .000000
    4  7  -.104984    4  8  -.040320    4  9   .000000    4 10  -.001309    4 11  -.031957    4 12   .000000
    5  1  -.141109    5  2  -.958131    5  3   .000000    5  4   .209450    5  5  1.777601    5  6   .000000
    5  7  -.104646    5  8  -.761845    5  9   .000000    5 10   .036305    5 11  -.057625    5 12   .000000
    6  1   .000000    6  2   .000000    6  3  -.081416    6  4   .000000    6  5   .000000    6  6   .151906
    6  7   .000000    6  8   .000000    6  9  -.055490    6 10   .000000    6 11   .000000    6 12  -.015000
    7  1   .045845    7  2  -.002574    7  3   .000000    7  4  -.104984    7  5  -.104646    7  6   .000000
    7  7   .413364    7  8   .317663    7  9   .000000    7 10  -.354226    7 11  -.210443    7 12   .000000
    8  1  -.001043    8  2  -.135831    8  3   .000000    8  4  -.040320    8  5  -.761845    8  6   .000000
    8  7   .317663    8  8  1.042767    8  9   .000000    8 10  -.276300    8 11  -.145092    8 12   .000000
    9  1   .000000    9  2   .000000    9  3   .029741    9  4   .000000    9  5   .000000    9  6  -.055490
    9  7   .000000    9  8   .000000    9  9   .020270    9 10   .000000    9 11   .000000    9 12   .005479
   10  1  -.000345   10  2   .002908   10  3   .000000   10  4  -.001309   10  5   .036305   10  6   .000000
   10  7  -.354226   10  8  -.276300   10  9   .000000   10 10   .355879   10 11   .237087   10 12   .000000
   11  1   .005314   11  2   .013297   11  3   .000000   11  4  -.031957   11  5  -.057625   11  6   .000000
   11  7  -.210443   11  8  -.145092   11  9   .000000   11 10   .237087   11 11   .189420   11 12   .000000
   12  1   .000000   12  2   .000000   12  3   .008039   12  4   .000000   12  5   .000000   12  6  -.015000
   12  7   .000000   12  8   .000000   12  9   .005479   12 10   .000000   12 11   .000000   12 12   .001481



 ZERO FREQUENCIES (CM-1)

      -.0168      -.0114      -.0102       .0076       .0160       .0246



 VIBRATIONAL FREQUENCIES (CM-1) AND EIGENVECTORS


 ----------------------------------------------------------------------
                1         2         3         4         5         6
 COORDINATE   587.901   695.470   868.403  1390.327  2351.195  3841.637
 ----------------------------------------------------------------------
      1       .082612   .000000  -.050707   .019126  -.016043  -.000068
      2      -.011007   .000000   .019510   .167935  -.101324   .001152
      3       .000000  -.096531   .000000   .000000   .000000   .000000
      4      -.166634   .000000   .176364  -.011512   .032763  -.001447
      5       .013036   .000000  -.031817   .012722   .242174   .007586
      6       .000000   .240067   .000000   .000000   .000000   .000000
      7       .016531   .000000  -.114308  -.009239  -.009605  -.055269
      8       .042376   .000000   .042417  -.188863  -.081452  -.047231
      9       .000000  -.075150   .000000   .000000   .000000   .000000
     10       .443278   .000000   .293049  -.038096  -.002036   .786235
     11      -.569313   .000000  -.520151  -.192609  -.143712   .547632
     12       .000000  -.282251   .000000   .000000   .000000   .000000
 ----------------------------------------------------------------------





   MODE    CM-1

     1     587.9
     2     695.5
     3     868.4
     4    1390.3
     5    2351.2
     6    3841.6
