
 INTDER95

 A GENERAL PROGRAM DEVELOPED BY WESLEY D. ALLEN AND CO-WORKERS
 WHICH PERFORMS VARIOUS VIBRATIONAL ANALYSES AND HIGHER-ORDER
 NONLINEAR TRANSFORMATIONS AMONG FORCE FIELD REPRESENTATIONS

   PROGRAM OPTIONS

   NA      NSYM       NEQ      NINV     NTEST     NFREQ      NVEC     NDISP
        NS      NDER      NPRT      NDUM     NGEOM     IRINT     NSTOP     NMODE
    4    6    0    0    0    0    0    0    0    1    0    0    0    0    1    0


 NUCLEAR CARTESIAN COORDINATES (BOHR)

         5.1798363607        -.0276096196         .0000000000
         3.4415593314        -.2672532183         .0000000000
          .0105481509         .0248929794         .0000000000
         -.5401745211        1.6884967123         .0000000000


 DEFINITION OF INTERNAL COORDINATES

 SIMPLE INTERNAL COORDINATES

L( 1)=   STRE    3    4    0    0     
L( 2)=   STRE    3    2    0    0     
L( 3)=   STRE    1    2    0    0     
L( 4)=   BEND    4    3    2    0     
L( 5)=   BEND    3    2    1    0     
L( 6)=   TORS    4    3    2    1     


 INTERNAL DISPLACEMENT SUBROUTINE




 VALUES OF SIMPLE INTERNAL COORDINATES (ANG. OR DEG.) FOR REFERENCE GEOMETRY

   1     .9273252409   2    1.8221830439   3     .9285569685   4  113.1836337827
   5  167.2836053019   6     .0000000000

 DISPLACEMENT    1

 INTERNAL DISPLACEMENTS

    1         .0050000000


 INTERNAL (SYMMETRY) COORDINATE FINAL VALUES

    1         .9323252409
    2        1.8221830439
    3         .9285569685
    4        1.9754270689
    5        2.9196496971
    6         .0000000000

  ITER =     1   MAX INTERNAL DEVIATION =   .500E-02

 DETERMINANT OF B*BT MATRIX=  4425.8    

  ITER =     2   MAX INTERNAL DEVIATION =   .408E-05

 DETERMINANT OF B*BT MATRIX=  4382.5    

  ITER =     3   MAX INTERNAL DEVIATION =   .566E-11

 DETERMINANT OF B*BT MATRIX=  4382.5    

  ITER =     4   MAX INTERNAL DEVIATION =   .444E-15

 NEW CARTESIAN GEOMETRY FOUND IN     4 ITERATIONS.

ECKART CONDITION VECTORS

         .0000000000         .0000000000         .0000000000
         .0000000000         .0000000000         .0000000000

 NEW CARTESIAN GEOMETRY (BOHR)

        5.1808700273        -.0274520392         .0000000000
        3.4427756400        -.2684167373         .0000000000
         .0115434063         .0211216535         .0000000000
        -.5434197517        1.6932739768         .0000000000

 DISPLACEMENT    2

 INTERNAL DISPLACEMENTS

    2        -.0050000000


 INTERNAL (SYMMETRY) COORDINATE FINAL VALUES

    1         .9273252409
    2        1.8171830439
    3         .9285569685
    4        1.9754270689
    5        2.9196496971
    6         .0000000000

  ITER =     1   MAX INTERNAL DEVIATION =   .500E-02

 DETERMINANT OF B*BT MATRIX=  4425.8    

  ITER =     2   MAX INTERNAL DEVIATION =   .636E-06

 DETERMINANT OF B*BT MATRIX=  4442.3    

  ITER =     3   MAX INTERNAL DEVIATION =   .768E-13

 DETERMINANT OF B*BT MATRIX=  4442.2    

  ITER =     4   MAX INTERNAL DEVIATION =   .444E-15

 NEW CARTESIAN GEOMETRY FOUND IN     4 ITERATIONS.

ECKART CONDITION VECTORS

         .0000000000         .0000000000         .0000000000
         .0000000000         .0000000000         .0000000000

 NEW CARTESIAN GEOMETRY (BOHR)

        5.1752174502        -.0264785703         .0000000000
        3.4369959822        -.2665248433         .0000000000
         .0153319645         .0240270784         .0000000000
        -.5357760750        1.6875031889         .0000000000

 DISPLACEMENT    3

 INTERNAL DISPLACEMENTS

    4         .0100000000


 INTERNAL (SYMMETRY) COORDINATE FINAL VALUES

    1         .9273252409
    2        1.8221830439
    3         .9285569685
    4        1.9854270689
    5        2.9196496971
    6         .0000000000

  ITER =     1   MAX INTERNAL DEVIATION =   .100E-01

 DETERMINANT OF B*BT MATRIX=  4425.8    

  ITER =     2   MAX INTERNAL DEVIATION =   .339E-04

 DETERMINANT OF B*BT MATRIX=  4447.1    

  ITER =     3   MAX INTERNAL DEVIATION =   .170E-09

 DETERMINANT OF B*BT MATRIX=  4447.4    

  ITER =     4   MAX INTERNAL DEVIATION =   .133E-14

 NEW CARTESIAN GEOMETRY FOUND IN     4 ITERATIONS.

ECKART CONDITION VECTORS

         .0000000000         .0000000000         .0000000000
         .0000000000         .0000000000         .0000000000

 NEW CARTESIAN GEOMETRY (BOHR)

        5.1834304949        -.0308146346         .0000000000
        3.4448063485        -.2679267651         .0000000000
         .0142242180         .0292152334         .0000000000
        -.5506917395        1.6880530201         .0000000000

 DISPLACEMENT    4

 INTERNAL DISPLACEMENTS

    5         .0100000000


 INTERNAL (SYMMETRY) COORDINATE FINAL VALUES

    1         .9273252409
    2        1.8221830439
    3         .9285569685
    4        1.9754270689
    5        2.9296496971
    6         .0000000000

  ITER =     1   MAX INTERNAL DEVIATION =   .100E-01

 DETERMINANT OF B*BT MATRIX=  4425.8    

  ITER =     2   MAX INTERNAL DEVIATION =   .286E-04

 DETERMINANT OF B*BT MATRIX=  4819.7    

  ITER =     3   MAX INTERNAL DEVIATION =   .408E-10

 DETERMINANT OF B*BT MATRIX=  4820.2    

  ITER =     4   MAX INTERNAL DEVIATION =   .444E-15

 NEW CARTESIAN GEOMETRY FOUND IN     4 ITERATIONS.

ECKART CONDITION VECTORS

         .0000000000         .0000000000         .0000000000
         .0000000000         .0000000000         .0000000000

 NEW CARTESIAN GEOMETRY (BOHR)

        5.1824143001        -.0338369924         .0000000000
        3.4423115430        -.2598424788         .0000000000
         .0106777885         .0248975713         .0000000000
        -.5436343097        1.6873087537         .0000000000
