
 INTDER95

 A GENERAL PROGRAM DEVELOPED BY WESLEY D. ALLEN AND CO-WORKERS
 WHICH PERFORMS VARIOUS VIBRATIONAL ANALYSES AND HIGHER-ORDER
 NONLINEAR TRANSFORMATIONS AMONG FORCE FIELD REPRESENTATIONS

   PROGRAM OPTIONS

   NA      NSYM       NEQ      NINV     NTEST     NFREQ      NVEC     NDISP
        NS      NDER      NPRT      NDUM     NGEOM     IRINT     NSTOP     NMODE
    5   11    9    2    1    0    0    0    0    1   11    0    0    0    0    0


 NUCLEAR CARTESIAN COORDINATES (BOHR)

          .0000000000         .4783930000        6.2141000000
          .0000000000         .0000000000        4.1140500000
          .0000000000         .0000000000         .0000000000
         1.6447100000       -1.2978200000        -.0485868000
        -1.6447100000       -1.2978200000        -.0485868000


 DEFINITION OF INTERNAL COORDINATES

 SIMPLE INTERNAL COORDINATES

L( 1)=   STRE    1    2    0    0     
L( 2)=   STRE    3    4    0    0     
L( 3)=   STRE    3    5    0    0     
L( 4)=   BEND    4    3    5    0     
L( 5)=    OUT    2    3    4    5     
L( 6)=   BEND    1    2    3    0     
L( 7)=   RCOM    1    2    3    5     
L( 8)=   BEND    2    3    4    0     
L( 9)=   BEND    2    3    5    0     
L(10)=   TORS    1    2    3    4     
L(11)=   TORS    1    2    3    5     

 SYMMETRY INTERNAL COORDINATES

S( 1)=   1.0000000000 L( 7)
S( 2)=   1.0000000000 L( 1)
S( 3)=    .7071067812 L( 2)     .7071067812 L( 3)
S( 4)=   1.0000000000 L( 4)
S( 5)=   1.0000000000 L( 6)
S( 6)=    .7071067812 L( 8)     .7071067812 L( 9)
S( 7)=    .7071067812 L( 2)    -.7071067812 L( 3)
S( 8)=    .7071067812 L( 8)    -.7071067812 L( 9)
S( 9)=    .7071067812 L(10)     .7071067812 L(11)



 VALUES OF SIMPLE INTERNAL COORDINATES (ANG. OR DEG.)

   1    1.1397684230   2    1.1089727627   3    1.1089727627   4  103.4079185835
   5  -87.8560053615   6  167.1669687659   7    2.8262018551   8   91.3284956252
   9   91.3284956252  10  128.2765274703  11  231.7234725297



 VALUES OF SYMMETRY INTERNAL COORDINATES (ANG. OR RAD.)

   1    2.8262018551   2    1.1397684230   3    1.5683243214   4    1.8048086519
   5    2.9176140055   6    2.2542323054   7     .0000000000   8     .0000000000
   9    4.4428829382

 DETERMINANT OF B*BT MATRIX=  12798.    


 FINAL INTERNAL (SYMMETRY) COORDINATE FORCE CONSTANTS

 GRADIENTS
   .20459815   .16274946   .01785029   .00242043   .00277145   .00464603
   .00000000   .00000000   .00000000

 QUADRATIC FORCE CONSTANTS

    -.625743     .419117    -.016813     .043964     .040058     .237685
     .000000     .000000     .000000
     .419117   17.822846     .007412    -.055598    -.003537    -.171907
     .000000     .000000     .000000
    -.016813     .007412    4.773410     .316219    -.008684     .008120
     .000000     .000000     .000000
     .043964    -.055598     .316219     .651217    -.026497    -.071825
     .000000     .000000     .000000
     .040058    -.003537    -.008684    -.026497     .241103     .133866
     .000000     .000000     .000000
     .237685    -.171907     .008120    -.071825     .133866     .550199
     .000000     .000000     .000000
     .000000     .000000     .000000     .000000     .000000     .000000
    4.819059    -.042783     .007806
     .000000     .000000     .000000     .000000     .000000     .000000
    -.042783     .450808    -.019420
     .000000     .000000     .000000     .000000     .000000     .000000
     .007806    -.019420     .004280


 NORMAL MODE ANALYSIS IN INTERNAL COORDINATES


 NUCLEAR CARTESIAN COORDINATES (ANG.) AND MASSES

  ATOM    MASS             X             Y             Z

    1   15.994910      .0000000000   .2531546917  3.2883603430
    2   12.000000      .0000000000   .0000000000  2.1770616612
    3   12.000000      .0000000000   .0000000000   .0000000000
    4    1.007825      .8703431132  -.6867768173  -.0257110292
    5    1.007825     -.8703431132  -.6867768173  -.0257110292


 QUADRATIC FORCE CONSTANTS IN MDYN/A, MDYN/RAD, OR MDYN*A/RAD**2

    1  1  -.625743    1  2   .000000    1  3   .000000    1  4   .000000    1  5   .000000    1  6   .000000
    1  7   .000000    1  8   .000000    1  9   .000000
    2  1   .000000    2  2 17.822846    2  3   .007412    2  4  -.055598    2  5  -.003537    2  6  -.171907
    2  7   .000000    2  8   .000000    2  9   .000000
    3  1   .000000    3  2   .007412    3  3  4.773410    3  4   .316219    3  5  -.008684    3  6   .008120
    3  7   .000000    3  8   .000000    3  9   .000000
    4  1   .000000    4  2  -.055598    4  3   .316219    4  4   .651217    4  5  -.026497    4  6  -.071825
    4  7   .000000    4  8   .000000    4  9   .000000
    5  1   .000000    5  2  -.003537    5  3  -.008684    5  4  -.026497    5  5   .241103    5  6   .133866
    5  7   .000000    5  8   .000000    5  9   .000000
    6  1   .000000    6  2  -.171907    6  3   .008120    6  4  -.071825    6  5   .133866    6  6   .550199
    6  7   .000000    6  8   .000000    6  9   .000000
    7  1   .000000    7  2   .000000    7  3   .000000    7  4   .000000    7  5   .000000    7  6   .000000
    7  7  4.819059    7  8  -.042783    7  9   .007806
    8  1   .000000    8  2   .000000    8  3   .000000    8  4   .000000    8  5   .000000    8  6   .000000
    8  7  -.042783    8  8   .450808    8  9  -.019420
    9  1   .000000    9  2   .000000    9  3   .000000    9  4   .000000    9  5   .000000    9  6   .000000
    9  7   .007806    9  8  -.019420    9  9   .004280


   REACTION COORDINATE =     1




 LOWEST EIGENVALUES OF THE G MATRIX

     .107070     .144745     .206351     .821930     .965066



 VIBRATIONAL FREQUENCIES (CM-1) AND EIGENVECTORS


 ----------------------------------------------------------------------------------------------------
                1         2         3         4         5         6         7         8         9
 COORDINATE  -337.214   218.434   263.915   833.725   959.020  1385.707  2103.101  2917.496  2995.329
 ----------------------------------------------------------------------------------------------------
      1       .327215   .000000   .000000   .000000   .000000   .000000   .000000   .000000   .000000
      2       .000000   .000000  -.000900   .000000   .015136   .003820   .381586  -.000809   .000000
      3       .000000   .000000   .001577   .000000  -.011015  -.091689  -.000813 -1.023579   .000000
      4       .000000   .000000  -.000830   .000000   .202137  1.318669  -.021262  -.019290   .000000
      5       .000000   .000000   .442530   .000000   .121738   .022692  -.026229   .030112   .000000
      6       .000000   .000000  -.127746   .000000   .964517  -.140497  -.056612   .028649   .000000
      7       .000000   .003607   .000000  -.015564   .000000   .000000   .000000   .000000  1.046249
      8       .000000  -.143747   .000000  -.909884   .000000   .000000   .000000   .000000  -.060173
      9       .000000 -2.849819   .000000   .930529   .000000   .000000   .000000   .000000   .205079
 ----------------------------------------------------------------------------------------------------





 TOTAL ENERGY DISTRIBUTIONS (%)


 ----------------------------------------------------------------------------------------------------
                1         2         3         4         5         6         7         8         9
 COORDINATE  -337.214   218.434   263.915   833.725   959.020  1385.707  2103.101  2917.496  2995.329
 ----------------------------------------------------------------------------------------------------
      1     100.00000    .00000    .00000    .00000    .00000    .00000    .00000    .00000    .00000
      2        .00000    .00000   -.00969    .00000    .25759    .00613  99.74555    .00042    .00000
      3        .00000    .00000    .00914    .00000   -.03705    .17823    .00025  99.84943    .00000
      4        .00000    .00000    .00514    .00000   2.04449  97.79503    .02493    .13041    .00000
      5        .00000    .00000  96.62748    .00000   3.44070   -.09526    .01478    .01231    .00000
      6        .00000    .00000   3.36793    .00000  94.29428   2.11587    .21449    .00743    .00000
      7        .00000    .01649    .00000    .10950    .00000    .00000    .00000    .00000  99.87401
      8        .00000   4.91536    .00000  94.99828    .00000    .00000    .00000    .00000    .08636
      9        .00000  95.06815    .00000   4.89223    .00000    .00000    .00000    .00000    .03962
 ----------------------------------------------------------------------------------------------------





 VIBRATIONAL ASSIGNMENTS


   MODE    CM-1                 DOMINANT COMPONENTS OF TED

     1    -337.2      1 (100.0)
     2     218.4      9 ( 95.1)    8 (  4.9)
     3     263.9      5 ( 96.6)
     4     833.7      8 ( 95.0)   -9 (  4.9)
     5     959.0      6 ( 94.3)
     6    1385.7      4 ( 97.8)
     7    2103.1      2 ( 99.7)
     8    2917.5      3 ( 99.8)
     9    2995.3      7 ( 99.9)
