
 INTDER95

 A GENERAL PROGRAM DEVELOPED BY WESLEY D. ALLEN AND CO-WORKERS
 WHICH PERFORMS VARIOUS VIBRATIONAL ANALYSES AND HIGHER-ORDER
 NONLINEAR TRANSFORMATIONS AMONG FORCE FIELD REPRESENTATIONS

   PROGRAM OPTIONS

   NA      NSYM       NEQ      NINV     NTEST     NFREQ      NVEC     NDISP
        NS      NDER      NPRT      NDUM     NGEOM     IRINT     NSTOP     NMODE
    4    6    6    2    0 2000    2    0    0    1   -5    0    0    0    0    0


 NUCLEAR CARTESIAN COORDINATES (BOHR)

          .2919829000        2.1796039000         .0000000000
          .0000000000         .0000000000         .0000000000
          .0000000000       -2.2960171000         .0000000000
        -1.5848407000       -3.3366677000         .0000000000


 DEFINITION OF INTERNAL COORDINATES

 SIMPLE INTERNAL COORDINATES

L( 1)=   STRE    1    2    0    0     
L( 2)=   STRE    2    3    0    0     
L( 3)=   STRE    3    4    0    0     
L( 4)=   BEND    2    3    4    0     
L( 5)=   LINX    4    3    2    1     
L( 6)=   LINY    4    3    2    1     

 SYMMETRY INTERNAL COORDINATES

S( 1)=   1.0000000000 L( 3)
S( 2)=    .7071067812 L( 1)    -.7071067812 L( 2)
S( 3)=    .7071067812 L( 1)     .7071067812 L( 2)
S( 4)=   1.0000000000 L( 4)
S( 5)=   1.0000000000 L( 5)
S( 6)=   1.0000000000 L( 6)



 VALUES OF SIMPLE INTERNAL COORDINATES (ANG. OR DEG.)

   1    1.1637000160   2    1.2150000126   3    1.0033002080   4  123.2900191224
   5    -.1327753765   6     .0000000000



 VALUES OF SYMMETRY INTERNAL COORDINATES (ANG. OR RAD.)

   1    1.0033002080   2    -.0362745755   3    1.6819949206   4    2.1518167685
   5    -.1327753765   6     .0000000000


 SCALED QUANTUM MECHANICAL FORCE CONSTANT ANALYSIS


  NSF NISO NOPT   NH  NWT
    5    2    1    2    0


 NUCLEAR CARTESIAN COORDINATES (ANG.)

  ATOM         X             Y             Z

    1      .1545107078  1.1533967957   .0000000000
    2      .0000000000   .0000000000   .0000000000
    3      .0000000000 -1.2150000126   .0000000000
    4     -.8386616417 -1.7656886343   .0000000000


 SCALE FACTOR       CONNECTING COORDINATES

       1            1
       2            2
       3            3
       4            4
       5            5    6


 MASSES FOR ISOTOPOMERS

 ISO=         1             2
           15.99491      15.99491
           12.00000      12.00000
           14.00307      14.00307
            1.00782       2.01400


 EXPERIMENTAL FREQUENCIES FOR ISOTOPOMERS (RELATIVE WEIGHTS GIVEN IN PARENTHESES)
 ISO=               1               2
        568.30 ( .23304)      .00 ( .00000)
        635.10 ( .20853)      .00 ( .00000)
        826.80 ( .16018)      .00 ( .00000)
       1336.30 ( .09911)  1323.10 ( .10010)
       2313.60 ( .05724)  2288.40 ( .05787)
       3724.10 ( .03556)  2738.60 ( .04836)


 UNSCALED QUADRATIC FORCE CONSTANTS IN MDYN/A, MDYN/RAD, OR MDYN*A/RAD**2

    1  1  8.178000    1  2   .017000    1  3  -.210000    1  4   .265000    1  5   .040000    1  6   .000000
    2  1   .017000    2  2 15.370000    2  3  1.347000    2  4  -.705000    2  5  -.232000    2  6   .000000
    3  1  -.210000    3  2  1.347000    3  3 17.747000    3  4   .502000    3  5   .284000    3  6   .000000
    4  1   .265000    4  2  -.705000    4  3   .502000    4  4   .335000    4  5   .037000    4  6   .000000
    5  1   .040000    5  2  -.232000    5  3   .284000    5  4   .037000    5  5   .833000    5  6   .000000
    6  1   .000000    6  2   .000000    6  3   .000000    6  4   .000000    6  5   .000000    6  6   .811000


 ISOTOPOMER    1
 LOWEST EIGENVALUES OF THE G MATRIX

     .064591     .230089     .282563     .309756    1.053115


 ISOTOPOMER    2
 LOWEST EIGENVALUES OF THE G MATRIX

     .062243     .223083     .249042     .297331     .561476


 OPTIMIZATION OF SCALE FACTORS


 ITER  LEAST-SQUARES SUM   DIRECTIONAL DERIVATIVE   DISPLACEMENT NORM
    1     4075.2504695177    -8575.7085390705         .1729719222
 GRADIENTS (RELATIVE)
     7.80627     9.78891     3.46101      .27491      .89144

 ITER  LEAST-SQUARES SUM   DIRECTIONAL DERIVATIVE   DISPLACEMENT NORM
    2       36.1597763929      -63.6093532161         .0136597964
 GRADIENTS (RELATIVE)
   -36.63827  -110.85054   -21.24459     -.68622    -5.80980

 ITER  LEAST-SQUARES SUM   DIRECTIONAL DERIVATIVE   DISPLACEMENT NORM
    3        4.1345076606        -.0080638542         .0001511962
 GRADIENTS (RELATIVE)
      .78164   -11.47231     -.60877     -.08841     -.31676

 ITER  LEAST-SQUARES SUM   DIRECTIONAL DERIVATIVE   DISPLACEMENT NORM
    4        4.1304752953        -.0000000002         .0000000247
 GRADIENTS (RELATIVE)
      .00041     -.00186     -.00002     -.00002     -.00002

 ITER  LEAST-SQUARES SUM   DIRECTIONAL DERIVATIVE   DISPLACEMENT NORM
    5        4.1304752952         .0000000000         .0000000000
 GRADIENTS (RELATIVE)
      .00000      .00000      .00000      .00000      .00000

  DIAGONAL ELEMENTS OF INVERSE HESSIAN

  .21583E-05  .27570E-05  .49613E-05  .40842E-04  .16830E-04


 OPTIMIZED SCALE FACTORS (STD. ERRORS)

    1   .9338172 (  .00211)    2   .8833251 (  .00238)
    3   .9297511 (  .00320)    4  1.0000763 (  .00912)
    5   .9481926 (  .00586)

 STD. DEV. OF OBSERVATION OF UNIT WEIGHT   1.0145519
 EFFECTIVE DEGREES OF FREEDOM   4.0128364
 INTEGER DEGREES OF FREEDOM    4

CORRELATION COEFFICIENTS

    1  1  1.000000    1  2  -.045470    1  3  -.015030    1  4   .002860    1  5  -.002037
    2  1  -.045470    2  2  1.000000    2  3  -.012924    2  4  -.020367    2  5   .005571
    3  1  -.015030    3  2  -.012924    3  3  1.000000    3  4   .023572    3  5  -.007914
    4  1   .002860    4  2  -.020367    4  3   .023572    4  4  1.000000    4  5  -.425577
    5  1  -.002037    5  2   .005571    5  3  -.007914    5  4  -.425577    5  5  1.000000


 EIGENVALUES AND EIGENVECTORS OF SCALE FACTOR HESSIAN

 ------------------------------------------------------------
                1         2         3         4         5
 COORDINATE  .221E+05  .809E+05  .202E+06  .360E+06  .468E+06
 ------------------------------------------------------------
      1       -.00069    .00014    .01689   -.17903    .98370
      2        .00508    .00459    .01990    .98368    .17869
      3       -.00843   -.00752   -.99959    .01663    .02019
      4       -.92965   -.36824    .01072    .00624    .00035
      5        .36831   -.92969    .00394    .00222    .00073
 ------------------------------------------------------------





 SCALED QUADRATIC FORCE CONSTANTS IN MDYN/A, MDYN/RAD, OR MDYN*A/RAD**2

    1  1  7.636757    1  2   .015440    1  3  -.195674    1  4   .256090    1  5   .037639    1  6   .000000
    2  1   .015440    2  2 13.576707    2  3  1.220706    2  4  -.662622    2  5  -.212323    2  6   .000000
    3  1  -.195674    3  2  1.220706    3  3 16.500292    3  4   .484065    3  5   .266655    3  6   .000000
    4  1   .256090    4  2  -.662622    4  3   .484065    4  4   .335026    4  5   .036030    4  6   .000000
    5  1   .037639    5  2  -.212323    5  3   .266655    5  4   .036030    5  5   .789844    5  6   .000000
    6  1   .000000    6  2   .000000    6  3   .000000    6  4   .000000    6  5   .000000    6  6   .768984



 ISOTOPOMER    1
 VIBRATIONAL FREQUENCIES (CM-1) AND EIGENVECTORS


 ----------------------------------------------------------------------
                1         2         3         4         5         6
 COORDINATE   567.022   635.834   827.314  1339.333  2312.364  3719.896
 ----------------------------------------------------------------------
      1       .015333   .000000   .034791  -.026593   .032958  1.029762
      2      -.016738   .000000  -.063142   .031926  -.474926   .045322
      3       .008523   .000000   .037914  -.254450  -.016364  -.034371
      4      -.465295   .000000 -1.001537   .022182   .075181  -.008779
      5       .416400   .000000  -.383759   .011516   .032589  -.041269
      6       .000000   .556557   .000000   .000000   .000000   .000000
 ----------------------------------------------------------------------





 ISOTOPOMER    1
 TOTAL ENERGY DISTRIBUTIONS (%)


 ----------------------------------------------------------------------
                1         2         3         4         5         6
 COORDINATE   567.022   635.834   827.314  1339.333  2312.364  3719.896
 ----------------------------------------------------------------------
      1        .09456    .00000   -.11759    .36910    .28041  99.37352
      2       -.02910    .00000   1.02273    .31805  98.35263    .33568
      3        .01348    .00000   -.42714  99.68522    .42131    .30714
      4      29.90272    .00000  69.60577   -.30074    .81515   -.02289
      5      70.01834    .00000  29.91622   -.07163    .13051    .00655
      6        .00000 100.00000    .00000    .00000    .00000    .00000
 ----------------------------------------------------------------------





 ISOTOPOMER    1
 VIBRATIONAL ASSIGNMENTS


   MODE    EXPT     THEORY   RESIDUAL   % ERROR  STD. DEV.              DOMINANT COMPONENTS OF TED

     1     568.3     567.0      1.28       .22     1.139      5 ( 70.0)   -4 ( 29.9)
     2     635.1     635.8      -.73      -.12     1.966      6 (100.0)
     3     826.8     827.3      -.51      -.06     2.403      4 ( 69.6)    5 ( 29.9)
     4    1336.3    1339.3     -3.03      -.23     2.294      3 ( 99.7)
     5    2313.6    2312.4      1.24       .05     3.065      2 ( 98.4)
     6    3724.1    3719.9      4.20       .11     4.170      1 ( 99.4)



 ISOTOPOMER    2
 VIBRATIONAL FREQUENCIES (CM-1) AND EIGENVECTORS


 ----------------------------------------------------------------------
                1         2         3         4         5         6
 COORDINATE   467.225   622.951   743.375  1320.008  2289.483  2743.015
 ----------------------------------------------------------------------
      1      -.018058   .000000  -.018995  -.051480  -.132971  -.739540
      2       .023175   .000000   .043706   .040203   .461746  -.124988
      3      -.011061   .000000  -.023131  -.252278   .028810   .050723
      4       .547600   .000000   .647644   .113609  -.013149   .030885
      5      -.252784   .000000   .504819   .026428  -.020312   .060865
      6       .000000   .545281   .000000   .000000   .000000   .000000
 ----------------------------------------------------------------------





 ISOTOPOMER    2
 TOTAL ENERGY DISTRIBUTIONS (%)


 ----------------------------------------------------------------------
                1         2         3         4         5         6
 COORDINATE   467.225   622.951   743.375  1320.008  2289.483  2743.015
 ----------------------------------------------------------------------
      1        .06542    .00000   -.26252   1.56992   4.38352  94.24366
      2       -.14993    .00000    .38287    .61164  94.41933   4.73610
      3       -.40407    .00000   -.87748  99.31469    .98256    .98431
      4      63.44506    .00000  37.82270  -1.36038    .14102   -.04840
      5      37.04352    .00000  62.93444   -.13586    .07358    .08432
      6        .00000 100.00000    .00000    .00000    .00000    .00000
 ----------------------------------------------------------------------





 ISOTOPOMER    2
 VIBRATIONAL ASSIGNMENTS


   MODE    EXPT     THEORY   RESIDUAL   % ERROR  STD. DEV.              DOMINANT COMPONENTS OF TED

     1               467.2                         1.224      4 ( 63.4)   -5 ( 37.0)
     2               623.0                         1.926      6 (100.0)
     3               743.4                         1.469      5 ( 62.9)    4 ( 37.8)
     4    1323.1    1320.0      3.09       .23     2.252      3 ( 99.3)
     5    2288.4    2289.5     -1.08      -.05     2.911      2 ( 94.4)   -1 (  4.4)
     6    2738.6    2743.0     -4.42      -.16     2.914      1 ( 94.2)    2 (  4.7)
