
 INTDER95

 A GENERAL PROGRAM DEVELOPED BY WESLEY D. ALLEN AND CO-WORKERS
 WHICH PERFORMS VARIOUS VIBRATIONAL ANALYSES AND HIGHER-ORDER
 NONLINEAR TRANSFORMATIONS AMONG FORCE FIELD REPRESENTATIONS

   PROGRAM OPTIONS

   NA      NSYM       NEQ      NINV     NTEST     NFREQ      NVEC     NDISP
        NS      NDER      NPRT      NDUM     NGEOM     IRINT     NSTOP     NMODE
    3    3    0    4    1    0    2    0    0    1    0    0    0    0    0    0


 NUCLEAR CARTESIAN COORDINATES (BOHR)

          .0000000000         .0000000000         .0000000000
          .0000000000        2.0879678288       -1.6513457783
          .0000000000       -2.0879678288       -1.6513457783


 DEFINITION OF INTERNAL COORDINATES

 SIMPLE INTERNAL COORDINATES

L( 1)=   STRE    1    2    0    0     
L( 2)=   STRE    1    3    0    0     
L( 3)=   BEND    2    1    3    0     



 VALUES OF SIMPLE INTERNAL COORDINATES (ANG. OR DEG.)

   1    1.4087005031   2    1.4087005031   3  103.3199999939

 DETERMINANT OF B*BT MATRIX=  6.7436    


 THIS VERSION OF THE PROGRAM USES NUMERICAL 
 BR(I,J,K,L) MATRICES TO COMPUTE CONTRIBUTIONS TO THE
 QUARTIC FORCE CONSTANTS ARISING FROM NONZERO GRADIENTS.


 FINAL CARTESIAN COORDINATE FORCE CONSTANTS

 GRADIENTS
   .00000000   .00000000  -.01536199   .00000000  -.00968083   .00768100
   .00000000   .00968083   .00768100

 QUADRATIC FORCE CONSTANTS

    -.009303     .000000     .000000     .004651     .000000     .000000
     .004651     .000000     .000000
     .000000     .291582     .000000     .000000    -.145791     .118983
     .000000    -.145791    -.118983
     .000000     .000000     .340476     .000000     .117552    -.170238
     .000000    -.117552    -.170238
     .004651     .000000     .000000    -.004644     .000000     .000000
    -.000007     .000000     .000000
     .000000    -.145791     .117552     .000000     .205439    -.118268
     .000000    -.059648     .000715
     .000000     .118983    -.170238     .000000    -.118268     .129852
     .000000    -.000715     .040386
     .004651     .000000     .000000    -.000007     .000000     .000000
    -.004644     .000000     .000000
     .000000    -.145791    -.117552     .000000    -.059648    -.000715
     .000000     .205439     .118268
     .000000    -.118983    -.170238     .000000     .000715     .040386
     .000000     .118268     .129852


 PRINTING OF CUBIC FORCE CONSTANTS TO OUTPUT FILE SUPPRESSED.
 LPRT(1,NPRT)=  0


 PRINTING OF QUARTIC FORCE CONSTANTS TO OUTPUT FILE SUPPRESSED.
 LPRT(1,NPRT)=  0
